<?xml version="1.0" encoding="UTF-8"?>
<testsuites name="jest tests" tests="3" failures="0" errors="0" time="5.058">
  <testsuite name="UPLOAD" errors="0" failures="0" skipped="0" timestamp="2024-04-19T02:49:41" time="4.797" tests="3">
    <testcase classname="UPLOAD upload single document" name="UPLOAD upload single document" time="0.593">
    </testcase>
    <testcase classname="UPLOAD upload multiple documents" name="UPLOAD upload multiple documents" time="0.487">
    </testcase>
    <testcase classname="UPLOAD upload multiple documents" name="UPLOAD upload multiple documents" time="0.549">
    </testcase>
  </testsuite>
</testsuites>